// Jest Snapshot v1, https://goo.gl/fbAQLP

exports[`should render a team’s detail page 1`] = `
<div>
  <a
    href="/teams"
  >
    Teams
  </a>
   » 
  <span>
    Lakeville Thunderfoots
  </span>
  <h1>
    Lakeville Thunderfoots
  </h1>
  <p>
    Lake Oswego
    , 
    OR
  </p>
  <p>
    <a
      href="/teams/3/edit"
    >
      Edit Team
    </a>
  </p>
</div>
`;
